******************************************************************************
                  TI ARM Linker Unix v20.2.0                   
******************************************************************************
>> Linked Wed May  6 16:39:49 2020

OUTPUT FILE NAME:   <state_machine_tiva_ccs.out>
ENTRY POINT SYMBOL: "_c_int00_noargs"  address: 00002d2d


MEMORY CONFIGURATION

         name            origin    length      used     unused   attr    fill
----------------------  --------  ---------  --------  --------  ----  --------
  FLASH                 00000000   00100000  0000313d  000fcec3  R  X
  SRAM                  20000000   00040000  00000dd4  0003f22c  RW X


SEGMENT ALLOCATION MAP

run origin  load origin   length   init length attrs members
----------  ----------- ---------- ----------- ----- -------
00000000    00000000    00003140   00003140    r-x
  00000000    00000000    00000208   00000208    r-- .intvecs
  00000208    00000208    00002d8c   00002d8c    r-x .text
  00002f94    00002f94    00000101   00000101    r-- .const
  00003098    00003098    000000a8   000000a8    r-- .cinit
20000000    20000000    00000dd8   00000000    rw-
  20000000    20000000    00000800   00000000    rw- .stack
  20000800    20000800    0000020c   00000000    rw- .data
  20000a10    20000a10    00000200   00000000    rw- .sysmem
  20000c10    20000c10    000001c8   00000000    rw- .bss


SECTION ALLOCATION MAP

 output                                  attributes/
section   page    origin      length       input sections
--------  ----  ----------  ----------   ----------------
.intvecs   0    00000000    00000208     
                  00000000    00000208     tm4c1294ncpdt_startup_ccs.obj (.intvecs)

.text      0    00000208    00002d8c     
                  00000208    00000a4e     rtsv7M4_T_le_v4SPD16_eabi.lib : _printfi.c.obj (.text:__TI_printfi)
                  00000c56    00000002                                   : _lock.c.obj (.text:_nop)
                  00000c58    000002d4     sm.obj (.text)
                  00000f2c    00000270     rtsv7M4_T_le_v4SPD16_eabi.lib : _printfi.c.obj (.text:_pconv_a)
                  0000119c    000001d0                                   : _printfi.c.obj (.text:_pconv_g)
                  0000136c    000001b6                                   : fd_add_t2.asm.obj (.text)
                  00001522    00000002                                   : div0.asm.obj (.text)
                  00001524    0000013c                                   : _printfi.c.obj (.text:_pconv_e)
                  00001660    00000136                                   : fd_div_t2.asm.obj (.text)
                  00001796    00000002     --HOLE-- [fill = 0]
                  00001798    00000124                                   : _printfi.c.obj (.text:fcvt)
                  000018bc    00000114                                   : fputs.c.obj (.text:fputs)
                  000019d0    00000110                                   : s_scalbn.c.obj (.text:scalbn)
                  00001ae0    00000108                                   : memory.c.obj (.text:aligned_alloc)
                  00001be8    000000fc                                   : fd_mul_t2.asm.obj (.text)
                  00001ce4    000000e4                                   : memory.c.obj (.text:free)
                  00001dc8    000000dc                                   : setvbuf.c.obj (.text:setvbuf)
                  00001ea4    000000b4     main.obj (.text)
                  00001f58    000000b1     rtsv7M4_T_le_v4SPD16_eabi.lib : _printfi.c.obj (.text:_ltostr)
                  00002009    00000001     --HOLE-- [fill = 0]
                  0000200a    0000009c                                   : memcpy_t2.asm.obj (.text)
                  000020a6    00000096                                   : ull_div_t2.asm.obj (.text)
                  0000213c    0000008c                                   : fputc.c.obj (.text:fputc)
                  000021c8    00000086                                   : fd_cmp_t2.asm.obj (.text:__aeabi_cdcmple)
                  0000224e    00000086                                   : fd_cmp_t2.asm.obj (.text:__aeabi_cdrcmple)
                  000022d4    0000007a                                   : memset_t2.asm.obj (.text)
                  0000234e    00000002     --HOLE-- [fill = 0]
                  00002350    00000074                                   : fclose.c.obj (.text:__TI_closefile)
                  000023c4    00000070                                   : memory.c.obj (.text:split)
                  00002434    0000006e                                   : _printfi.c.obj (.text:_mcpy)
                  000024a2    00000002     --HOLE-- [fill = 0]
                  000024a4    0000006c                                   : hostrename.c.obj (.text:HOSTrename)
                  00002510    00000068                                   : hostlseek.c.obj (.text:HOSTlseek)
                  00002578    00000068                                   : copy_decompress_lzss.c.obj (.text:decompress:lzss:__TI_decompress_lzss)
                  000025e0    00000068                                   : printf.c.obj (.text:printf)
                  00002648    00000064                                   : s_frexp.c.obj (.text:frexp)
                  000026ac    00000064                                   : fseek.c.obj (.text:fseek)
                  00002710    00000062                                   : _io_perm.c.obj (.text:__TI_wrt_ok)
                  00002772    00000002     --HOLE-- [fill = 0]
                  00002774    00000060                                   : hostopen.c.obj (.text:HOSTopen)
                  000027d4    0000005c                                   : close.c.obj (.text:close)
                  00002830    00000058                                   : hostread.c.obj (.text:HOSTread)
                  00002888    00000058                                   : hostwrite.c.obj (.text:HOSTwrite)
                  000028e0    00000056                                   : _printfi.c.obj (.text:_pconv_f)
                  00002936    00000054                                   : _ltoa.c.obj (.text:__TI_ltoa)
                  0000298a    00000052                                   : _printfi.c.obj (.text:_ecpy)
                  000029dc    0000004c                                   : fflush.c.obj (.text:__TI_doflush)
                  00002a28    0000004c                                   : atoi.c.obj (.text:atoi)
                  00002a74    00000048                                   : exit.c.obj (.text:exit)
                  00002abc    00000048                                   : fd_toi_t2.asm.obj (.text)
                  00002b04    00000044                                   : hostclose.c.obj (.text:HOSTclose)
                  00002b48    00000044                                   : hostunlink.c.obj (.text:HOSTunlink)
                  00002b8c    00000044                                   : autoinit.c.obj (.text:__TI_auto_init_nobinit_nopinit:__TI_auto_init_nobinit_nopinit)
                  00002bd0    00000044                                   : getdevice.c.obj (.text:getdevice)
                  00002c14    0000003e                                   : _printfi.c.obj (.text:_fcpy)
                  00002c52    00000002     --HOLE-- [fill = 0]
                  00002c54    00000038                                   : trgmsg.c.obj (.text:__TI_writemsg)
                  00002c8c    00000036                                   : strncpy.c.obj (.text:strncpy)
                  00002cc2    00000002     --HOLE-- [fill = 0]
                  00002cc4    00000034                                   : fopen.c.obj (.text:__TI_cleanup)
                  00002cf8    00000034                                   : trgmsg.c.obj (.text:__TI_readmsg)
                  00002d2c    00000034                                   : boot_cortex_m.c.obj (.text:_c_int00_noargs:_c_int00_noargs)
                  00002d60    00000030                                   : getdevice.c.obj (.text:finddevice)
                  00002d90    0000002e                                   : i_tofd_t2.asm.obj (.text)
                  00002dbe    00000002     --HOLE-- [fill = 0]
                  00002dc0    0000002c                                   : unlink.c.obj (.text:unlink)
                  00002dec    00000028                                   : memory.c.obj (.text:free_list_insert)
                  00002e14    00000028                                   : lseek.c.obj (.text:lseek)
                  00002e3c    00000028                                   : write.c.obj (.text:write)
                  00002e64    00000020                                   : memchr.c.obj (.text:memchr)
                  00002e84    0000001c                                   : copy_zero_init.c.obj (.text:decompress:ZI:__TI_zero_init_nomemset:__TI_zero_init_nomemset)
                  00002ea0    0000001c                                   : memory.c.obj (.text:free_list_remove)
                  00002ebc    0000001c                                   : memccpy.c.obj (.text:memccpy)
                  00002ed8    0000001a                                   : s_copysign.c.obj (.text:copysign)
                  00002ef2    00000018                                   : strcmp.c.obj (.text:strcmp)
                  00002f0a    00000016                                   : strchr.c.obj (.text:strchr)
                  00002f20    00000014                                   : strcpy.c.obj (.text:strcpy)
                  00002f34    00000014                                   : strlen.c.obj (.text:strlen)
                  00002f48    00000012                                   : wcslen.c.obj (.text:wcslen)
                  00002f5a    0000000e                                   : copy_decompress_none.c.obj (.text:decompress:none:__TI_decompress_none)
                  00002f68    0000000c     tm4c1294ncpdt_startup_ccs.obj (.text)
                  00002f74    00000008     rtsv7M4_T_le_v4SPD16_eabi.lib : errno.c.obj (.text:__aeabi_errno_addr)
                  00002f7c    00000008                                   : memory.c.obj (.text:malloc)
                  00002f84    00000004                                   : printf.c.obj (.text:_outc)
                  00002f88    00000004                                   : printf.c.obj (.text:_outs)
                  00002f8c    00000004                                   : pre_init.c.obj (.text:_system_pre_init)
                  00002f90    00000004                                   : exit.c.obj (.text:abort:abort)

.const     0    00002f94    00000101     
                  00002f94    00000101     rtsv7M4_T_le_v4SPD16_eabi.lib : ctype.c.obj (.const:.string:_ctypes_)

.cinit     0    00003098    000000a8     
                  00003098    0000007f     (.cinit..data.load) [load image, compression = lzss]
                  00003117    00000001     --HOLE-- [fill = 0]
                  00003118    0000000c     (__TI_handler_table)
                  00003124    00000004     --HOLE-- [fill = 0]
                  00003128    00000008     (.cinit..bss.load) [load image, compression = zero_init]
                  00003130    00000010     (__TI_cinit_table)

.init_array 
*          0    00000000    00000000     UNINITIALIZED

.stack     0    20000000    00000800     UNINITIALIZED
                  20000000    00000004     rtsv7M4_T_le_v4SPD16_eabi.lib : boot_cortex_m.c.obj (.stack)
                  20000004    000007fc     --HOLE--

.data      0    20000800    0000020c     UNINITIALIZED
                  20000800    000000f0     rtsv7M4_T_le_v4SPD16_eabi.lib : defs.c.obj (.data:_ftable)
                  200008f0    00000078                                   : host_device.c.obj (.data:_device)
                  20000968    00000050                                   : host_device.c.obj (.data:_stream)
                  200009b8    00000010                                   : defs.c.obj (.data)
                  200009c8    0000000e     main.obj (.data:data3)
                  200009d6    00000002     --HOLE--
                  200009d8    0000000c     rtsv7M4_T_le_v4SPD16_eabi.lib : exit.c.obj (.data:$O1$$)
                  200009e4    00000009     main.obj (.data:data1)
                  200009ed    00000003     --HOLE--
                  200009f0    00000008     rtsv7M4_T_le_v4SPD16_eabi.lib : _lock.c.obj (.data:$O1$$)
                  200009f8    00000008                                   : memory.c.obj (.data:$O1$$)
                  20000a00    00000005     main.obj (.data:data2)
                  20000a05    00000003     --HOLE--
                  20000a08    00000004     rtsv7M4_T_le_v4SPD16_eabi.lib : errno.c.obj (.data)

.sysmem    0    20000a10    00000200     UNINITIALIZED
                  20000a10    00000010     rtsv7M4_T_le_v4SPD16_eabi.lib : memory.c.obj (.sysmem)
                  20000a20    000001f0     --HOLE--

.bss       0    20000c10    000001c8     UNINITIALIZED
                  20000c10    00000120     rtsv7M4_T_le_v4SPD16_eabi.lib : trgmsg.c.obj (.bss:_CIOBUF_)
                  20000d30    000000a0     (.common:__TI_tmpnams)
                  20000dd0    00000008     (.common:parmbuf)

__llvm_prf_cnts 
*          0    20000000    00000000     UNINITIALIZED

MODULE SUMMARY

       Module                          code    ro data   rw data
       ------                          ----    -------   -------
    ./
       sm.obj                          724     0         0      
       tm4c1294ncpdt_startup_ccs.obj   12      520       0      
       main.obj                        180     0         28     
    +--+-------------------------------+-------+---------+---------+
       Total:                          916     520       28     
                                                                
    /home/gustavo/Aplicativos/ti/ccs1000/ccs/tools/compiler/ti-cgt-arm_20.2.0.LTS/lib/rtsv7M4_T_le_v4SPD16_eabi.lib
       _printfi.c.obj                  4851    0         0      
       memory.c.obj                    680     0         8      
       fd_add_t2.asm.obj               438     0         0      
       defs.c.obj                      0       0         416    
       trgmsg.c.obj                    108     0         288    
       fd_div_t2.asm.obj               310     0         0      
       fputs.c.obj                     276     0         0      
       s_scalbn.c.obj                  272     0         0      
       fd_cmp_t2.asm.obj               268     0         0      
       ctype.c.obj                     0       257       0      
       fd_mul_t2.asm.obj               252     0         0      
       setvbuf.c.obj                   220     0         0      
       host_device.c.obj               0       0         200    
       memcpy_t2.asm.obj               156     0         0      
       ull_div_t2.asm.obj              150     0         0      
       fputc.c.obj                     140     0         0      
       memset_t2.asm.obj               122     0         0      
       fclose.c.obj                    116     0         0      
       getdevice.c.obj                 116     0         0      
       printf.c.obj                    112     0         0      
       hostrename.c.obj                108     0         0      
       copy_decompress_lzss.c.obj      104     0         0      
       hostlseek.c.obj                 104     0         0      
       hostopen.c.obj                  96      0         8      
       fseek.c.obj                     100     0         0      
       s_frexp.c.obj                   100     0         0      
       _io_perm.c.obj                  98      0         0      
       close.c.obj                     92      0         0      
       exit.c.obj                      76      0         12     
       hostread.c.obj                  88      0         0      
       hostwrite.c.obj                 88      0         0      
       _ltoa.c.obj                     84      0         0      
       atoi.c.obj                      76      0         0      
       fflush.c.obj                    76      0         0      
       fd_toi_t2.asm.obj               72      0         0      
       autoinit.c.obj                  68      0         0      
       hostclose.c.obj                 68      0         0      
       hostunlink.c.obj                68      0         0      
       strncpy.c.obj                   54      0         0      
       boot_cortex_m.c.obj             52      0         0      
       fopen.c.obj                     52      0         0      
       i_tofd_t2.asm.obj               46      0         0      
       unlink.c.obj                    44      0         0      
       lseek.c.obj                     40      0         0      
       write.c.obj                     40      0         0      
       memchr.c.obj                    32      0         0      
       copy_zero_init.c.obj            28      0         0      
       memccpy.c.obj                   28      0         0      
       s_copysign.c.obj                26      0         0      
       strcmp.c.obj                    24      0         0      
       strchr.c.obj                    22      0         0      
       strcpy.c.obj                    20      0         0      
       strlen.c.obj                    20      0         0      
       wcslen.c.obj                    18      0         0      
       copy_decompress_none.c.obj      14      0         0      
       errno.c.obj                     8       0         4      
       _lock.c.obj                     2       0         8      
       pre_init.c.obj                  4       0         0      
       div0.asm.obj                    2       0         0      
    +--+-------------------------------+-------+---------+---------+
       Total:                          10729   257       944    
                                                                
       Heap:                           0       0         512    
       Stack:                          0       0         2048   
       Linker Generated:               0       163       0      
    +--+-------------------------------+-------+---------+---------+
       Grand Total:                    11645   940       3532   


LINKER GENERATED COPY TABLES

__TI_cinit_table @ 00003130 records: 2, size/record: 8, table size: 16
	.data: load addr=00003098, load size=0000007f bytes, run addr=20000800, run size=0000020c bytes, compression=lzss
	.bss: load addr=00003128, load size=00000008 bytes, run addr=20000c10, run size=000001c8 bytes, compression=zero_init


LINKER GENERATED HANDLER TABLE

__TI_handler_table @ 00003118 records: 3, size/record: 4, table size: 12
	index: 0, handler: __TI_decompress_lzss
	index: 1, handler: __TI_decompress_none
	index: 2, handler: __TI_zero_init


GLOBAL SYMBOLS: SORTED ALPHABETICALLY BY Name 

address   name                           
-------   ----                           
00002f91  C$$EXIT                        
00002c83  C$$IO$$                        
00001eb9  Error                          
00000ea1  ExecSM                         
00002b05  HOSTclose                      
00002511  HOSTlseek                      
00002775  HOSTopen                       
00002831  HOSTread                       
000024a5  HOSTrename                     
00002b49  HOSTunlink                     
00002889  HOSTwrite                      
00001ea5  Handler                        
00002f69  ResetISR                       
20000c10  __CIOBUF_                      
20000800  __STACK_END                    
00000800  __STACK_SIZE                   
20000200  __STACK_TOP                    
00000200  __SYSMEM_SIZE                  
00003130  __TI_CINIT_Base                
00003140  __TI_CINIT_Limit               
00003118  __TI_Handler_Table_Base        
00003124  __TI_Handler_Table_Limit       
00002b8d  __TI_auto_init_nobinit_nopinit 
00002cc5  __TI_cleanup                   
200009d8  __TI_cleanup_ptr               
00002351  __TI_closefile                 
00002579  __TI_decompress_lzss           
00002f5b  __TI_decompress_none           
000029dd  __TI_doflush                   
200009dc  __TI_dtors_ptr                 
200009e0  __TI_enable_exit_profile_output
200009b8  __TI_ft_end                    
00002937  __TI_ltoa                      
ffffffff  __TI_pprof_out_hndl            
00000209  __TI_printfi                   
ffffffff  __TI_prof_data_size            
ffffffff  __TI_prof_data_start           
00002cf9  __TI_readmsg                   
00000000  __TI_static_base__             
20000d30  __TI_tmpnams                   
00002c55  __TI_writemsg                  
00002711  __TI_wrt_ok                    
00002e85  __TI_zero_init_nomemset        
000021c9  __aeabi_cdcmpeq                
000021c9  __aeabi_cdcmple                
0000224f  __aeabi_cdrcmple               
00002abd  __aeabi_d2iz                   
00001377  __aeabi_dadd                   
00001661  __aeabi_ddiv                   
00001be9  __aeabi_dmul                   
0000136d  __aeabi_dsub                   
00002f75  __aeabi_errno_addr             
00002d91  __aeabi_i2d                    
00001523  __aeabi_idiv0                  
00001523  __aeabi_ldiv0                  
000022d5  __aeabi_memclr                 
000022d5  __aeabi_memclr4                
000022d5  __aeabi_memclr8                
0000200b  __aeabi_memcpy                 
0000200b  __aeabi_memcpy4                
0000200b  __aeabi_memcpy8                
000022d7  __aeabi_memset                 
000022d7  __aeabi_memset4                
000022d7  __aeabi_memset8                
200009c4  __aeabi_stderr                 
200009bc  __aeabi_stdin                  
200009c0  __aeabi_stdout                 
000020a7  __aeabi_uldivmod               
ffffffff  __binit__                      
ffffffff  __c_args__                     
UNDEFED   __mpu_init                     
20000000  __stack                        
20000000  __start___llvm_prf_cnts        
20000000  __stop___llvm_prf_cnts         
00002d2d  _c_int00_noargs                
00002f94  _ctypes_                       
200008f0  _device                        
20000800  _ftable                        
200009f0  _lock                          
00000c57  _nop                           
20000968  _stream                        
20000a10  _sys_memory                    
UNDEFED   _system_post_cinit             
00002f8d  _system_pre_init               
200009f4  _unlock                        
00002f91  abort                          
00001ae1  aligned_alloc                  
00002a29  atoi                           
ffffffff  binit                          
000027d5  close                          
00002ed9  copysign                       
00002ed9  copysignl                      
200009e4  data1                          
20000a00  data2                          
200009c8  data3                          
20000a08  errno                          
00002a75  exit                           
00002d61  finddevice                     
0000213d  fputc                          
000018bd  fputs                          
00001ce5  free                           
00002649  frexp                          
00002649  frexpl                         
000026ad  fseek                          
00000000  g_pfnVectors                   
00002bd1  getdevice                      
00000e21  initSM                         
000019d1  ldexp                          
000019d1  ldexpl                         
00002e15  lseek                          
00001ec7  main                           
00002f7d  malloc                         
00001ae1  memalign                       
00002ebd  memccpy                        
00002e65  memchr                         
0000200b  memcpy                         
000022dd  memset                         
20000dd0  parmbuf                        
000025e1  printf                         
0000213d  putc                           
00002dc1  remove                         
000019d1  scalbn                         
000019d1  scalbnl                        
00001dc9  setvbuf                        
00002f0b  strchr                         
00002ef3  strcmp                         
00002f21  strcpy                         
00002f35  strlen                         
00002c8d  strncpy                        
00002dc1  unlink                         
00002f49  wcslen                         
00002e3d  write                          


GLOBAL SYMBOLS: SORTED BY Symbol Address 

address   name                           
-------   ----                           
00000000  __TI_static_base__             
00000000  g_pfnVectors                   
00000200  __SYSMEM_SIZE                  
00000209  __TI_printfi                   
00000800  __STACK_SIZE                   
00000c57  _nop                           
00000e21  initSM                         
00000ea1  ExecSM                         
0000136d  __aeabi_dsub                   
00001377  __aeabi_dadd                   
00001523  __aeabi_idiv0                  
00001523  __aeabi_ldiv0                  
00001661  __aeabi_ddiv                   
000018bd  fputs                          
000019d1  ldexp                          
000019d1  ldexpl                         
000019d1  scalbn                         
000019d1  scalbnl                        
00001ae1  aligned_alloc                  
00001ae1  memalign                       
00001be9  __aeabi_dmul                   
00001ce5  free                           
00001dc9  setvbuf                        
00001ea5  Handler                        
00001eb9  Error                          
00001ec7  main                           
0000200b  __aeabi_memcpy                 
0000200b  __aeabi_memcpy4                
0000200b  __aeabi_memcpy8                
0000200b  memcpy                         
000020a7  __aeabi_uldivmod               
0000213d  fputc                          
0000213d  putc                           
000021c9  __aeabi_cdcmpeq                
000021c9  __aeabi_cdcmple                
0000224f  __aeabi_cdrcmple               
000022d5  __aeabi_memclr                 
000022d5  __aeabi_memclr4                
000022d5  __aeabi_memclr8                
000022d7  __aeabi_memset                 
000022d7  __aeabi_memset4                
000022d7  __aeabi_memset8                
000022dd  memset                         
00002351  __TI_closefile                 
000024a5  HOSTrename                     
00002511  HOSTlseek                      
00002579  __TI_decompress_lzss           
000025e1  printf                         
00002649  frexp                          
00002649  frexpl                         
000026ad  fseek                          
00002711  __TI_wrt_ok                    
00002775  HOSTopen                       
000027d5  close                          
00002831  HOSTread                       
00002889  HOSTwrite                      
00002937  __TI_ltoa                      
000029dd  __TI_doflush                   
00002a29  atoi                           
00002a75  exit                           
00002abd  __aeabi_d2iz                   
00002b05  HOSTclose                      
00002b49  HOSTunlink                     
00002b8d  __TI_auto_init_nobinit_nopinit 
00002bd1  getdevice                      
00002c55  __TI_writemsg                  
00002c83  C$$IO$$                        
00002c8d  strncpy                        
00002cc5  __TI_cleanup                   
00002cf9  __TI_readmsg                   
00002d2d  _c_int00_noargs                
00002d61  finddevice                     
00002d91  __aeabi_i2d                    
00002dc1  remove                         
00002dc1  unlink                         
00002e15  lseek                          
00002e3d  write                          
00002e65  memchr                         
00002e85  __TI_zero_init_nomemset        
00002ebd  memccpy                        
00002ed9  copysign                       
00002ed9  copysignl                      
00002ef3  strcmp                         
00002f0b  strchr                         
00002f21  strcpy                         
00002f35  strlen                         
00002f49  wcslen                         
00002f5b  __TI_decompress_none           
00002f69  ResetISR                       
00002f75  __aeabi_errno_addr             
00002f7d  malloc                         
00002f8d  _system_pre_init               
00002f91  C$$EXIT                        
00002f91  abort                          
00002f94  _ctypes_                       
00003118  __TI_Handler_Table_Base        
00003124  __TI_Handler_Table_Limit       
00003130  __TI_CINIT_Base                
00003140  __TI_CINIT_Limit               
20000000  __stack                        
20000000  __start___llvm_prf_cnts        
20000000  __stop___llvm_prf_cnts         
20000200  __STACK_TOP                    
20000800  __STACK_END                    
20000800  _ftable                        
200008f0  _device                        
20000968  _stream                        
200009b8  __TI_ft_end                    
200009bc  __aeabi_stdin                  
200009c0  __aeabi_stdout                 
200009c4  __aeabi_stderr                 
200009c8  data3                          
200009d8  __TI_cleanup_ptr               
200009dc  __TI_dtors_ptr                 
200009e0  __TI_enable_exit_profile_output
200009e4  data1                          
200009f0  _lock                          
200009f4  _unlock                        
20000a00  data2                          
20000a08  errno                          
20000a10  _sys_memory                    
20000c10  __CIOBUF_                      
20000d30  __TI_tmpnams                   
20000dd0  parmbuf                        
ffffffff  __TI_pprof_out_hndl            
ffffffff  __TI_prof_data_size            
ffffffff  __TI_prof_data_start           
ffffffff  __binit__                      
ffffffff  __c_args__                     
ffffffff  binit                          
UNDEFED   __mpu_init                     
UNDEFED   _system_post_cinit             

[132 symbols]
